<html>
<body>
<pre>
<h1>µVision Build Log</h1>
<h2>Project:</h2>
D:\Documents\Professional\Instruction\Courses\EECS 3100 Embedded Systems\Labs\EECS 3100 - Summer 2017 Revision - In Progress\Project Templates\Lab1_C\Lab1.uvproj
Project File Date:  05/30/2017

<h2>Output:</h2>
Rebuild target 'Lab1'
compiling main.c...
assembling startup.s...
linking...
Program Size: Code=2732 RO-data=2064 RW-data=48 ZI-data=1752  
".\lab1.axf" - 0 Error(s), 0 Warning(s).
Load "D:\\Documents\\Professional\\Instruction\\Courses\\EECS 3100 Embedded Systems\\Labs\\EECS 3100 - Summer 2017 Revision - In Progress\\Project Templates\\Lab1_C\\lab1.axf" 
Connecting: Mode=JTAG, Speed=1000000Hz
Erase Done.
Programming Done.
Verify OK.
</pre>
</body>
</html>
