<html>
<body>
<pre>
<h1>µVision Build Log</h1>
<h2>Project:</h2>
D:\Documents\Professional\Instruction\Courses\EECS 3100 Embedded Systems\Labs\EECS 3100 - Spring 2017 Revision\Project Templates\Lab2_C\Lab2.uvproj
Project File Date:  05/04/2017

<h2>Output:</h2>
Build target 'Lab2'
compiling main.c...
assembling startup.s...
linking...
Program Size: Code=2772 RO-data=2432 RW-data=56 ZI-data=1752  
".\lab2.axf" - 0 Error(s), 0 Warning(s).
Load "D:\\Documents\\Professional\\Instruction\\Courses\\EECS 3100 Embedded Systems\\Labs\\EECS 3100 - Spring 2017 Revision\\Project Templates\\Lab2_C\\lab2.axf" 
Connecting: Mode=JTAG, Speed=1000000Hz
Erase Done.
Programming Done.
Verify OK.
Clean started: Project: 'Lab2'
   deleting intermediate output files for target 'Lab2'
</pre>
</body>
</html>
